"INT1","STR1","DATE1","TIMESTAMP1"
1,"val1","2017-01-01","2016-02-02 22:22:22.200"
2,null,"2017-02-02",null
null,"val\\3",null,"2016-03-03 22:22:22.200"
